--- Copying all files to /root/.m2 at Wed Dec 31 05:13:31 PM UTC 2025
'./settings-docker.xml' -> '/root/.m2/./settings-docker.xml'

--- Copying individual files to /root/.m2 at Wed Dec 31 05:14:37 PM UTC 2025

--- Copying individual files to /root/.m2 at Wed Dec 31 05:14:44 PM UTC 2025

--- Copying individual files to /root/.m2 at Wed Dec 31 05:14:51 PM UTC 2025

--- Copying individual files to /root/.m2 at Wed Dec 31 05:14:58 PM UTC 2025

--- Copying individual files to /root/.m2 at Wed Dec 31 05:18:30 PM UTC 2025

--- Copying individual files to /root/.m2 at Wed Dec 31 05:28:51 PM UTC 2025

--- Copying individual files to /root/.m2 at Sat Jan  3 01:57:12 AM UTC 2026

--- Copying individual files to /root/.m2 at Sat Jan  3 02:09:29 AM UTC 2026

--- Copying individual files to /root/.m2 at Sat Jan  3 05:29:19 PM UTC 2026

--- Copying individual files to /root/.m2 at Sun Jan  4 05:56:57 PM UTC 2026

--- Copying individual files to /root/.m2 at Sun Jan  4 05:57:31 PM UTC 2026

--- Copying individual files to /root/.m2 at Sun Jan  4 05:57:38 PM UTC 2026

--- Copying individual files to /root/.m2 at Sun Jan  4 05:57:44 PM UTC 2026

--- Copying individual files to /root/.m2 at Sun Jan  4 05:57:52 PM UTC 2026

--- Copying individual files to /root/.m2 at Sun Jan  4 05:58:00 PM UTC 2026

--- Copying individual files to /root/.m2 at Sun Jan  4 05:58:10 PM UTC 2026

--- Copying individual files to /root/.m2 at Sun Jan  4 05:58:22 PM UTC 2026

--- Copying individual files to /root/.m2 at Sun Jan  4 05:58:42 PM UTC 2026

--- Copying individual files to /root/.m2 at Sun Jan  4 05:59:14 PM UTC 2026

--- Copying individual files to /root/.m2 at Sun Jan  4 06:00:11 PM UTC 2026

--- Copying individual files to /root/.m2 at Sun Jan  4 06:01:17 PM UTC 2026

--- Copying individual files to /root/.m2 at Sun Jan  4 06:01:50 PM UTC 2026

--- Copying individual files to /root/.m2 at Sun Jan  4 06:01:58 PM UTC 2026

--- Copying individual files to /root/.m2 at Sun Jan  4 06:02:05 PM UTC 2026

--- Copying individual files to /root/.m2 at Sun Jan  4 06:02:15 PM UTC 2026

--- Copying individual files to /root/.m2 at Sun Jan  4 06:02:24 PM UTC 2026

--- Copying individual files to /root/.m2 at Sun Jan  4 06:02:32 PM UTC 2026

--- Copying individual files to /root/.m2 at Sun Jan  4 06:02:42 PM UTC 2026

--- Copying individual files to /root/.m2 at Sun Jan  4 06:02:56 PM UTC 2026

--- Copying individual files to /root/.m2 at Sun Jan  4 06:03:15 PM UTC 2026

--- Copying individual files to /root/.m2 at Sun Jan  4 06:03:47 PM UTC 2026

--- Copying individual files to /root/.m2 at Sun Jan  4 06:04:44 PM UTC 2026

--- Copying individual files to /root/.m2 at Sun Jan  4 06:05:50 PM UTC 2026

--- Copying individual files to /root/.m2 at Sun Jan  4 06:06:58 PM UTC 2026

--- Copying individual files to /root/.m2 at Sun Jan  4 06:07:09 PM UTC 2026

--- Copying individual files to /root/.m2 at Sun Jan  4 06:07:16 PM UTC 2026

--- Copying individual files to /root/.m2 at Sun Jan  4 06:07:23 PM UTC 2026

--- Copying individual files to /root/.m2 at Sun Jan  4 06:07:31 PM UTC 2026

--- Copying individual files to /root/.m2 at Sun Jan  4 06:07:40 PM UTC 2026

--- Copying individual files to /root/.m2 at Sun Jan  4 06:07:49 PM UTC 2026

--- Copying individual files to /root/.m2 at Sun Jan  4 06:08:02 PM UTC 2026

--- Copying individual files to /root/.m2 at Sun Jan  4 06:08:20 PM UTC 2026

--- Copying individual files to /root/.m2 at Sun Jan  4 06:08:52 PM UTC 2026

--- Copying individual files to /root/.m2 at Sun Jan  4 06:09:50 PM UTC 2026

--- Copying individual files to /root/.m2 at Sun Jan  4 06:10:56 PM UTC 2026

--- Copying individual files to /root/.m2 at Sun Jan  4 06:12:02 PM UTC 2026

--- Copying individual files to /root/.m2 at Sun Jan  4 06:12:13 PM UTC 2026

--- Copying individual files to /root/.m2 at Sun Jan  4 06:12:21 PM UTC 2026

--- Copying individual files to /root/.m2 at Sun Jan  4 06:12:29 PM UTC 2026

--- Copying individual files to /root/.m2 at Sun Jan  4 06:12:40 PM UTC 2026

--- Copying individual files to /root/.m2 at Sun Jan  4 06:12:47 PM UTC 2026

--- Copying individual files to /root/.m2 at Sun Jan  4 06:12:54 PM UTC 2026

--- Copying individual files to /root/.m2 at Sun Jan  4 06:13:01 PM UTC 2026

--- Copying individual files to /root/.m2 at Sun Jan  4 06:13:08 PM UTC 2026

--- Copying individual files to /root/.m2 at Sun Jan  4 06:13:17 PM UTC 2026

--- Copying individual files to /root/.m2 at Sun Jan  4 06:13:30 PM UTC 2026

--- Copying individual files to /root/.m2 at Sun Jan  4 06:13:49 PM UTC 2026

--- Copying individual files to /root/.m2 at Sun Jan  4 06:14:20 PM UTC 2026

--- Copying individual files to /root/.m2 at Sun Jan  4 06:15:17 PM UTC 2026

--- Copying individual files to /root/.m2 at Sun Jan  4 06:16:23 PM UTC 2026

--- Copying individual files to /root/.m2 at Sun Jan  4 06:17:29 PM UTC 2026

--- Copying individual files to /root/.m2 at Sun Jan  4 06:18:36 PM UTC 2026

--- Copying individual files to /root/.m2 at Sun Jan  4 06:19:43 PM UTC 2026

--- Copying individual files to /root/.m2 at Sun Jan  4 06:20:49 PM UTC 2026

--- Copying individual files to /root/.m2 at Sun Jan  4 06:21:56 PM UTC 2026

--- Copying individual files to /root/.m2 at Sun Jan  4 06:23:02 PM UTC 2026

--- Copying individual files to /root/.m2 at Sun Jan  4 06:24:08 PM UTC 2026

--- Copying individual files to /root/.m2 at Sun Jan  4 06:25:15 PM UTC 2026

--- Copying individual files to /root/.m2 at Sun Jan  4 06:25:26 PM UTC 2026

--- Copying individual files to /root/.m2 at Sun Jan  4 06:25:36 PM UTC 2026

--- Copying individual files to /root/.m2 at Sun Jan  4 06:25:42 PM UTC 2026

--- Copying individual files to /root/.m2 at Sun Jan  4 06:25:50 PM UTC 2026

--- Copying individual files to /root/.m2 at Sun Jan  4 06:25:58 PM UTC 2026

--- Copying individual files to /root/.m2 at Sun Jan  4 06:26:08 PM UTC 2026

--- Copying individual files to /root/.m2 at Sun Jan  4 06:26:21 PM UTC 2026

--- Copying individual files to /root/.m2 at Sun Jan  4 06:26:43 PM UTC 2026

--- Copying individual files to /root/.m2 at Sun Jan  4 06:27:15 PM UTC 2026

--- Copying individual files to /root/.m2 at Sun Jan  4 06:28:12 PM UTC 2026

--- Copying individual files to /root/.m2 at Sun Jan  4 06:29:18 PM UTC 2026

--- Copying individual files to /root/.m2 at Sun Jan  4 06:30:24 PM UTC 2026

--- Copying individual files to /root/.m2 at Sun Jan  4 06:31:30 PM UTC 2026

--- Copying individual files to /root/.m2 at Sun Jan  4 06:32:36 PM UTC 2026

--- Copying individual files to /root/.m2 at Sun Jan  4 06:33:43 PM UTC 2026

--- Copying individual files to /root/.m2 at Sun Jan  4 06:34:50 PM UTC 2026

--- Copying individual files to /root/.m2 at Sun Jan  4 06:35:56 PM UTC 2026

--- Copying individual files to /root/.m2 at Sun Jan  4 06:37:04 PM UTC 2026

--- Copying individual files to /root/.m2 at Sun Jan  4 06:38:11 PM UTC 2026

